// Jest Snapshot v1, https://jestjs.io/docs/snapshot-testing

exports[`IRAN_V1.1 Rule Engine snapshot: IRAN_V1.1 baseline output 1`] = `
{
  "confidence": 0.855,
  "explanation": {
    "confirmations": [],
    "overrides": [],
    "penalties": [],
  },
  "meta": {
    "findings_count": 0,
    "rule_engine": "IRAN_V1.1",
  },
  "risk_level": "MEDIUM",
  "trend": "bullish",
}
`;
